[2025-10-30T07:38:11] STEP: Ensuring dev server is running at http://localhost:3000
[2025-10-30T07:38:15] HTTP ERROR GET http://localhost:3000/api/health :: Unable to connect to the remote server
[2025-10-30T07:38:15] OK: Dev server is online.
[2025-10-30T07:38:15] STEP: Ping core routes
[2025-10-30T07:38:19] HTTP ERROR GET http://localhost:3000/ :: Unable to connect to the remote server
[2025-10-30T07:38:19] FAIL: GET / failed
[2025-10-30T07:38:23] HTTP ERROR GET http://localhost:3000/member-dashboard?memberCode=demo :: Unable to connect to the remote server
[2025-10-30T07:38:23] FAIL: GET /member-dashboard?memberCode=demo failed
[2025-10-30T07:38:27] HTTP ERROR GET http://localhost:3000/admin-dashboard :: Unable to connect to the remote server
[2025-10-30T07:38:27] FAIL: GET /admin-dashboard failed
[2025-10-30T07:38:32] HTTP ERROR GET http://localhost:3000/dash/profile :: Unable to connect to the remote server
[2025-10-30T07:38:32] FAIL: GET /dash/profile failed
[2025-10-30T07:38:32] STEP: Invite → /api/invites/send
[2025-10-30T07:38:36] HTTP ERROR POST http://localhost:3000/api/invites/send :: Unable to connect to the remote server
[2025-10-30T07:38:36] FAIL: Invite send failed
[2025-10-30T07:38:36] FAIL: Invite identifiers missing
[2025-10-30T07:38:36] STEP: Member Accept → /api/invites/accept (fallback /api/members/accept)
[2025-10-30T07:38:40] HTTP ERROR POST http://localhost:3000/api/invites/accept :: Unable to connect to the remote server
[2025-10-30T07:38:40] WARN: accept fallback → /api/members/accept
[2025-10-30T07:38:44] HTTP ERROR POST http://localhost:3000/api/members/accept :: Unable to connect to the remote server
[2025-10-30T07:38:44] FAIL: Member accept failed
[2025-10-30T07:38:44] FAIL: Member identifiers missing
[2025-10-30T07:38:44] STEP: Trust Bond → /api/trust/bonds
[2025-10-30T07:38:48] HTTP ERROR POST http://localhost:3000/api/trust/bonds :: Unable to connect to the remote server
[2025-10-30T07:38:48] FAIL: TB creation failed
[2025-10-30T07:38:48] FAIL: Harness crashed: Cannot bind argument to parameter 'cond' because it is null.
[2025-10-30T07:38:48] STACK: Assert : Cannot bind argument to parameter 'cond' because it is null.
At C:\Users\blk91\amihuman\scripts\BaselineSmoke.ps1:139 char:10
+   Assert $tbId "TB id captured" "TB id missing"
+          ~~~~~
    + CategoryInfo          : InvalidData: (:) [Assert], ParameterBindingValidationException
    + FullyQualifiedErrorId : ParameterArgumentValidationErrorNullNotAllowed,Assert
 

[2025-10-30T07:38:48] FAIL: Baseline Smoke: RED — Passed=0 Failed=10 (log: BaselineSmoke-20251030-073811.log)
